Load modules with R > 4.0
/shared/home/ashah282/projects/cbcd/tests/sandbox
R version 3.4.3 (2017-11-30) -- "Kite-Eating Tree" Copyright (C) 2017 The R Foundation for Statistical Computing Platform: x86_64-koji-linux-gnu (64-bit) R is free software and comes with ABSOLUTELY NO WARRANTY. You are welcome to redistribute it under the terms of the GNU General Public License versions 2 or 3. For more information about these matters see http://www.gnu.org/licenses/.
