Loading modules
/var/spool/slurmd/job00248/slurm_script: line 13:  7315 Illegal instruction     Rscript --vanilla /shared/home/ashah282/projects/cbcd/tests/code/test-simple.R
