Loading modules
/var/spool/slurmd/job00242/slurm_script: line 14:  7679 Illegal instruction     Rscript --vanilla /shared/home/ashah282/projects/cbcd/tests/code/test.R --args $SLURM_ARRAY_TASK_ID
